Microchip Technology Inc, v1.31 (A)

Tool Name:
  c:\program files (x86)\microchip\xc16\v1.31\bin\bin\..\bin/elf-ld.exe

Command:
  -p24FJ256GB110 \
  -o \
  dist/default/production/OLAT_WATM_v3.1.3.C.X.production.elf \
  -Lc:/program files (x86)/microchip/xc16/v1.31/bin/bin/.. \
  -Lc:/program files (x86)/microchip/xc16/v1.31/bin/bin/../../lib \
  -Lc:/program files (x86)/microchip/xc16/v1.31/bin/bin/../../lib/PIC24E \
  -Lc:/program files (x86)/microchip/xc16/v1.31/bin/bin/../../support/PIC24E/gld \
  -Lc:/program files (x86)/microchip/xc16/v1.31/bin/bin/../../lib/PIC24F \
  -Lc:/program files (x86)/microchip/xc16/v1.31/bin/bin/../../support/PIC24F/gld \
  -Lc:/program files (x86)/microchip/xc16/v1.31/bin/bin/../../lib/PIC24H \
  -Lc:/program files (x86)/microchip/xc16/v1.31/bin/bin/../../support/PIC24H/gld \
  -Lc:/program files (x86)/microchip/xc16/v1.31/bin/bin/../../lib/dsPIC30F \
  -Lc:/program files (x86)/microchip/xc16/v1.31/bin/bin/../../support/dsPIC30F/gld \
  -Lc:/program files (x86)/microchip/xc16/v1.31/bin/bin/../../lib/dsPIC33E \
  -Lc:/program files (x86)/microchip/xc16/v1.31/bin/bin/../../support/dsPIC33E/gld \
  -Lc:/program files (x86)/microchip/xc16/v1.31/bin/bin/../../lib/dsPIC33F \
  -Lc:/program files (x86)/microchip/xc16/v1.31/bin/bin/../../support/dsPIC33F/gld \
  build/default/production/1wire_temperature.o \
  build/default/production/DS1307.o \
  build/default/production/FSIO.o \
  build/default/production/SD-SPI.o \
  build/default/production/YHY502.o \
  build/default/production/communicate.o \
  build/default/production/ext_eeprom.o \
  build/default/production/ext_lcd.o \
  build/default/production/main.o \
  build/default/production/mcu_adc.o \
  build/default/production/mcu_timer.o \
  build/default/production/mode.o \
  build/default/production/modem.o \
  build/default/production/peripherial.o \
  build/default/production/serial_uart.o \
  build/default/production/server.o \
  build/default/production/traps.o \
  build/default/production/coin_uca2.o \
  --defsym=__MPLAB_BUILD=1 \
  -Tp24FJ256GB110.gld.00 \
  --stack=16 \
  --check-sections \
  --data-init \
  --pack-data \
  --handles \
  --isr \
  --no-gc-sections \
  --fill-upper=0 \
  --stackguard=16 \
  --no-force-link \
  --smart-io \
  -Map=dist/default/production/OLAT_WATM_v3.1.3.C.X.production.map \
  --report-mem \
  --memorysummary \
  dist/default/production/memoryfile.xml \
  -start-group \
  --library=lega-pic30-elf \
  --library=m-elf \
  --library=lega-c-elf \
  -end-group \

Archive member included because of file (symbol)

c:/program files (x86)/microchip/xc16/v1.31/bin/bin/../../lib/PIC24F\libpPIC24Fxxx-elf.a(OpenADC10_v2.o)
                              build/default/production/mcu_adc.o (_OpenADC10_v2)
c:/program files (x86)/microchip/xc16/v1.31/bin/bin/../../lib/PIC24F\libpPIC24Fxxx-elf.a(SetChanADC10.o)
                              build/default/production/mcu_adc.o (_SetChanADC10)
c:/program files (x86)/microchip/xc16/v1.31/bin/bin/../../lib/PIC24F\libpPIC24Fxxx-elf.a(CloseI2C1.o)
                              build/default/production/DS1307.o (_CloseI2C1)
c:/program files (x86)/microchip/xc16/v1.31/bin/bin/../../lib/PIC24F\libpPIC24Fxxx-elf.a(ConfigIntI2C1.o)
                              build/default/production/DS1307.o (_ConfigIntI2C1)
c:/program files (x86)/microchip/xc16/v1.31/bin/bin/../../lib/PIC24F\libpPIC24Fxxx-elf.a(IdleI2C1.o)
                              build/default/production/DS1307.o (_IdleI2C1)
c:/program files (x86)/microchip/xc16/v1.31/bin/bin/../../lib/PIC24F\libpPIC24Fxxx-elf.a(IdleI2C2.o)
                              build/default/production/ext_eeprom.o (_IdleI2C2)
c:/program files (x86)/microchip/xc16/v1.31/bin/bin/../../lib/PIC24F\libpPIC24Fxxx-elf.a(MastergetsI2C1.o)
                              build/default/production/DS1307.o (_MastergetsI2C1)
c:/program files (x86)/microchip/xc16/v1.31/bin/bin/../../lib/PIC24F\libpPIC24Fxxx-elf.a(MastergetsI2C2.o)
                              build/default/production/ext_eeprom.o (_MastergetsI2C2)
c:/program files (x86)/microchip/xc16/v1.31/bin/bin/../../lib/PIC24F\libpPIC24Fxxx-elf.a(MasterWriteI2C1.o)
                              build/default/production/DS1307.o (_MasterWriteI2C1)
c:/program files (x86)/microchip/xc16/v1.31/bin/bin/../../lib/PIC24F\libpPIC24Fxxx-elf.a(MasterWriteI2C2.o)
                              build/default/production/ext_eeprom.o (_MasterWriteI2C2)
c:/program files (x86)/microchip/xc16/v1.31/bin/bin/../../lib/PIC24F\libpPIC24Fxxx-elf.a(OpenI2C1.o)
                              build/default/production/DS1307.o (_OpenI2C1)
c:/program files (x86)/microchip/xc16/v1.31/bin/bin/../../lib/PIC24F\libpPIC24Fxxx-elf.a(OpenI2C2.o)
                              build/default/production/ext_eeprom.o (_OpenI2C2)
c:/program files (x86)/microchip/xc16/v1.31/bin/bin/../../lib/PIC24F\libpPIC24Fxxx-elf.a(RestartI2C1.o)
[...]
Memory Configuration

Name             Origin             Length             Attributes
data             0x000800           0x004000           a !xr
reset            0x000000           0x000004  
ivt              0x000004           0x0000fc  
_reserved        0x000100           0x000004  
aivt             0x000104           0x0000fc  
program          0x000200           0x02a9f8           xr
CONFIG3          0x02abfa           0x000002  
CONFIG2          0x02abfc           0x000002  
CONFIG1          0x02abfe           0x000002  
*default*        0x000000           0xffffffff  

Linker script and memory map

LOAD build/default/production/1wire_temperature.o
LOAD build/default/production/DS1307.o
LOAD build/default/production/FSIO.o
LOAD build/default/production/SD-SPI.o
LOAD build/default/production/YHY502.o
LOAD build/default/production/communicate.o
LOAD build/default/production/ext_eeprom.o
LOAD build/default/production/ext_lcd.o
LOAD build/default/production/main.o
LOAD build/default/production/mcu_adc.o
LOAD build/default/production/mcu_timer.o
LOAD build/default/production/mode.o
LOAD build/default/production/modem.o
LOAD build/default/production/peripherial.o
LOAD build/default/production/serial_uart.o
LOAD build/default/production/server.o
LOAD build/default/production/traps.o
LOAD build/default/production/coin_uca2.o
                    0x0001                  __MPLAB_BUILD = 0x1
LOAD c:/program files (x86)/microchip/xc16/v1.31/bin/bin/../../lib/PIC24F\libpPIC24Fxxx-elf.a
LOAD c:/program files (x86)/microchip/xc16/v1.31/bin/bin/../../lib\libfx-elf.a
                    0x2abfa                  __CONFIG3 = 0x2abfa
                    0x2abfc                  __CONFIG2 = 0x2abfc
                    0x2abfe                  __CONFIG1 = 0x2abfe
                    0x0200                  __CODE_BASE = 0x200
                    0x2a9f8                  __CODE_LENGTH = 0x2a9f8
                    0x0004                  __IVT_BASE = 0x4
                    0x0104                  __AIVT_BASE = 0x104
                    0x0800                  __DATA_BASE = 0x800
                    0x4000                  __DATA_LENGTH = 0x4000

.reset            0x000000          0x4
                  0x000000          0x2 SHORT 0x200 ABSOLUTE (__reset)
                  0x000001          0x2 SHORT 0x4
                  0x000002          0x2 SHORT 0x0 ((ABSOLUTE (__reset) >> 0x10) & 0x7f)
                  0x000003          0x2 SHORT 0x0

.text             0x000200       0x9de8
 *(.init)
 .init            0x000200         0x4c c:/program files (x86)/microchip/xc16/v1.31/bin/bin/../../lib\liblega-pic30-elf.a(crt0_standard.o)
                  0x000200                  __resetPRI
                  0x000200                  __reset
                  0x00023c                  __psv_init
 .init            0x00024c         0x7c c:/program files (x86)/microchip/xc16/v1.31/bin/bin/../../lib\liblega-pic30-elf.a(data_init_standard.o)
                  0x000252                  __data_init_standard
                  0x000252                  __data_init
 *(.user_init)
 *(.handle)
 .handle          0x0002c8          0xc jump_table
 *(.isr*)
 .isr.text        0x0002d4       0x24de build/default/production/ext_eeprom.o
                  0x0002d4                  __MI2C2Interrupt
                  0x0002dc                  _eeprom_write
                  0x0017f8                  _eeprom_config
                  0x001886                  _i2c_wait
                  0x00189c                  _init_i2c
                  0x0018c4                  _write_ext_eeprom_byte
                  0x0018f4                  _write_eeprom_int
                  0x00190a                  _write_eeprom_multiple_bytes
                  0x001994                  _erase_ext_eeprom
                  0x001a36                  _read_eeprom_parameter
                  0x00266c                  _read_eeprom_multiple_bytes
                  0x00275c                  _i2c_bus_recovery
 .isr.text        0x0027b2       0x3eac build/default/production/main.o
                  0x0027b2                  __U3RXInterrupt
                  0x002818                  __U2RXInterrupt
                  0x00285c                  __U1RXInterrupt
                  0x0028a8                  __INT2Interrupt
                  0x00296e                  __INT1Interrupt
                  0x002a6c                  __INT3Interrupt
                  0x002ab4                  __INT0Interrupt
                  0x002ac6                  __CNInterrupt
                  0x002b86                  _main
                  0x0040d2                  _hardware_init
                  0x004178                  _mcu_reset_source
                  0x0041fa                  _variable_init
                  0x004480                  _io_mapping
                  0x004540                  _check_system_stability
                  0x004672                  _system_error_check
                  0x00482e                  _display_error_mode
                  0x004992                  _unauthorized_water_input_check
                  0x004b20                  _unknown_access_alert
                  0x004c6e                  _data_validation
 .isr.text        0x00665e        0x448 build/default/production/mcu_timer.o
                  0x00665e                  __T1Interrupt
                  0x006666                  __T2Interrupt
                  0x006a20                  _timer1_init
                  0x006a38                  _timer2_init
                  0x006a4e                  _timer2_sec_delay
                  0x006a60                  _timer1_sec_delay
                  0x006a8a                  _timer2_ms_delay
 .isr.text        0x006aa6        0x680 build/default/production/peripherial.o
                  0x006aa6                  __OC1Interrupt
                  0x006aae                  _peripheral_handler
                  0x006aec                  _lls_sense_processing
                  0x006c66                  _hls_sense_processing
                  0x006d78                  _buzzer
                  0x006e6c                  _scan_switch
                  0x006ef4                  _tds_check
                  0x006fee                  _display_tank_low_alert
                  0x00703a                  _tank_low_level_update
                  0x0070b6                  _temperature_failure
 .isr.text        0x007126         0xb0 build/default/production/traps.o
                  0x007126                  __OscillatorFail
                  0x00713c                  __AddressError
                  0x007152                  __StackError
                  0x007168                  __MathError
                  0x00717e                  __AltOscillatorFail
                  0x007194                  __AltAddressError
                  0x0071aa                  __AltStackError
                  0x0071c0                  __AltMathError
 .isr             0x0071d6          0x4 default_isr
                  0x0071d6                  __DefaultInterrupt
 *(.libc)
 .libc            0x0071da         0x10 c:/program files (x86)/microchip/xc16/v1.31/bin/bin/../../lib\liblega-pic30-elf.a(_exit.Leo)
                  0x0071da                  __exit
 .libc            0x0071ea         0x12 c:/program files (x86)/microchip/xc16/v1.31/bin/bin/../../lib\liblega-pic30-elf.a(close.Leo)
                  0x0071ea                  _close
 .libc            0x0071fc         0x5a c:/program files (x86)/microchip/xc16/v1.31/bin/bin/../../lib\liblega-pic30-elf.a(write.Leo)
                  0x0071fc                  _write
 .libc            0x007256         0x12 c:/program files (x86)/microchip/xc16/v1.31/bin/bin/../../lib\liblega-pic30-elf.a(remove.Leo)
                  0x007256                  _remove
 .libc            0x007268         0x28 c:/program files (x86)/microchip/xc16/v1.31/bin/bin/../../lib\liblega-pic30-elf.a(sbrk.Leo)
                  0x007268                  _sbrk
 .libc            0x007290         0x1a c:/program files (x86)/microchip/xc16/v1.31/bin/bin/../../lib\liblega-pic30-elf.a(brk.Lelo)
                  0x007290                  _brk
 *(.libm)
 *(.libdsp)
 *(.lib*)
 .libperi         0x0072aa         0x1e c:/program files (x86)/microchip/xc16/v1.31/bin/bin/../../lib/PIC24F\libpPIC24Fxxx-elf.a(OpenADC10_v2.o)
                  0x0072aa                  _OpenADC10_v2
 .libperi         0x0072c8          0x4 c:/program files (x86)/microchip/xc16/v1.31/bin/bin/../../lib/PIC24F\libpPIC24Fxxx-elf.a(SetChanADC10.o)
                  0x0072c8                  _SetChanADC10
 .libperi         0x0072cc          0xc c:/program files (x86)/microchip/xc16/v1.31/bin/bin/../../lib/PIC24F\libpPIC24Fxxx-elf.a(CloseI2C1.o)
                  0x0072cc                  _CloseI2C1
 .libperi         0x0072d8         0x42 c:/program files (x86)/microchip/xc16/v1.31/bin/bin/../../lib/PIC24F\libpPIC24Fxxx-elf.a(ConfigIntI2C1.o)
                  0x0072d8                  _ConfigIntI2C1
 .libperi         0x00731a         0x1a c:/program files (x86)/microchip/xc16/v1.31/bin/bin/../../lib/PIC24F\libpPIC24Fxxx-elf.a(IdleI2C1.o)
                  0x00731a                  _IdleI2C1
 .libperi         0x007334         0x1a c:/program files (x86)/microchip/xc16/v1.31/bin/bin/../../lib/PIC24F\libpPIC24Fxxx-elf.a(IdleI2C2.o)
                  0x007334                  _IdleI2C2
 .libperi         0x00734e         0x3e c:/program files (x86)/microchip/xc16/v1.31/bin/bin/../../lib/PIC24F\libpPIC24Fxxx-elf.a(MastergetsI2C1.o)
                  0x00734e                  _MastergetsI2C1
 .libperi         0x00738c         0x3e c:/program files (x86)/microchip/xc16/v1.31/bin/bin/../../lib/PIC24F\libpPIC24Fxxx-elf.a(MastergetsI2C2.o)
                  0x00738c                  _MastergetsI2C2
 .libperi         0x0073ca         0x10 c:/program files (x86)/microchip/xc16/v1.31/bin/bin/../../lib/PIC24F\libpPIC24Fxxx-elf.a(MasterWriteI2C1.o)
                  0x0073ca                  _MasterWriteI2C1
 .libperi         0x0073da         0x10 c:/program files (x86)/microchip/xc16/v1.31/bin/bin/../../lib/PIC24F\libpPIC24Fxxx-elf.a(MasterWriteI2C2.o)
                  0x0073da                  _MasterWriteI2C2
 .libperi         0x0073ea          0x6 c:/program files (x86)/microchip/xc16/v1.31/bin/bin/../../lib/PIC24F\libpPIC24Fxxx-elf.a(OpenI2C1.o)
                  0x0073ea                  _OpenI2C1
 .libperi         0x0073f0          0x6 c:/program files (x86)/microchip/xc16/v1.31/bin/bin/../../lib/PIC24F\libpPIC24Fxxx-elf.a(OpenI2C2.o)
                  0x0073f0                  _OpenI2C2
 .libperi         0x0073f6          0x4 c:/program files (x86)/microchip/xc16/v1.31/bin/bin/../../lib/PIC24F\libpPIC24Fxxx-elf.a(RestartI2C1.o)
                  0x0073f6                  _RestartI2C1
 .libperi         0x0073fa          0x4 c:/program files (x86)/microchip/xc16/v1.31/bin/bin/../../lib/PIC24F\libpPIC24Fxxx-elf.a(StartI2C1.o)
                  0x0073fa                  _StartI2C1
 .libperi         0x0073fe          0x4 c:/program files (x86)/microchip/xc16/v1.31/bin/bin/../../lib/PIC24F\libpPIC24Fxxx-elf.a(StartI2C2.o)
                  0x0073fe                  _StartI2C2
 .libperi         0x007402          0x4 c:/program files (x86)/microchip/xc16/v1.31/bin/bin/../../lib/PIC24F\libpPIC24Fxxx-elf.a(StopI2C1.o)
                  0x007402                  _StopI2C1
 .libperi         0x007406          0x4 c:/program files (x86)/microchip/xc16/v1.31/bin/bin/../../lib/PIC24F\libpPIC24Fxxx-elf.a(StopI2C2.o)
                  0x007406                  _StopI2C2
 .libperi         0x00740a         0x2e c:/program files (x86)/microchip/xc16/v1.31/bin/bin/../../lib/PIC24F\libpPIC24Fxxx-elf.a(ConfigINT0.o)
                  0x00740a                  _ConfigINT0
 .libperi         0x007438         0x34 c:/program files (x86)/microchip/xc16/v1.31/bin/bin/../../lib/PIC24F\libpPIC24Fxxx-elf.a(ConfigINT1.o)
                  0x007438                  _ConfigINT1
 .libperi         0x00746c         0x36 c:/program files (x86)/microchip/xc16/v1.31/bin/bin/../../lib/PIC24F\libpPIC24Fxxx-elf.a(ConfigINT2.o)
                  0x00746c                  _ConfigINT2
 .libperi         0x0074a2         0x1e c:/program files (x86)/microchip/xc16/v1.31/bin/bin/../../lib/PIC24F\libpPIC24Fxxx-elf.a(ConfigIntCN.o)
                  0x0074a2                  _ConfigIntCN
 .libperi         0x0074c0          0xa c:/program files (x86)/microchip/xc16/v1.31/bin/bin/../../lib/PIC24F\libpPIC24Fxxx-elf.a(CloseOC1_v4.o)
                  0x0074c0                  _CloseOC1_v4
 .libperi         0x0074ca         0x1e c:/program files (x86)/microchip/xc16/v1.31/bin/bin/../../lib/PIC24F\libpPIC24Fxxx-elf.a(ConfigIntTimer1.o)
                  0x0074ca                  _ConfigIntTimer1
 .libperi         0x0074e8         0x24 c:/program files (x86)/microchip/xc16/v1.31/bin/bin/../../lib/PIC24F\libpPIC24Fxxx-elf.a(ConfigIntTimer2.o)
                  0x0074e8                  _ConfigIntTimer2
 .libperi         0x00750c          0x8 c:/program files (x86)/microchip/xc16/v1.31/bin/bin/../../lib/PIC24F\libpPIC24Fxxx-elf.a(OpenTimer1.o)
                  0x00750c                  _OpenTimer1
 .libperi         0x007514          0x8 c:/program files (x86)/microchip/xc16/v1.31/bin/bin/../../lib/PIC24F\libpPIC24Fxxx-elf.a(OpenTimer2.o)
                  0x007514                  _OpenTimer2
 .libperi         0x00751c          0xa c:/program files (x86)/microchip/xc16/v1.31/bin/bin/../../lib/PIC24F\libpPIC24Fxxx-elf.a(BusyUART1.o)
                  0x00751c                  _BusyUART1
 .libperi         0x007526          0xa c:/program files (x86)/microchip/xc16/v1.31/bin/bin/../../lib/PIC24F\libpPIC24Fxxx-elf.a(BusyUART2.o)
                  0x007526                  _BusyUART2
 .libperi         0x007530          0xa c:/program files (x86)/microchip/xc16/v1.31/bin/bin/../../lib/PIC24F\libpPIC24Fxxx-elf.a(BusyUART3.o)
                  0x007530                  _BusyUART3
 .libperi         0x00753a         0x48 c:/program files (x86)/microchip/xc16/v1.31/bin/bin/../../lib/PIC24F\libpPIC24Fxxx-elf.a(ConfigIntUART1.o)
                  0x00753a                  _ConfigIntUART1
 .libperi         0x007582         0x48 c:/program files (x86)/microchip/xc16/v1.31/bin/bin/../../lib/PIC24F\libpPIC24Fxxx-elf.a(ConfigIntUART2.o)
                  0x007582                  _ConfigIntUART2
 .libperi         0x0075ca         0x48 c:/program files (x86)/microchip/xc16/v1.31/bin/bin/../../lib/PIC24F\libpPIC24Fxxx-elf.a(ConfigIntUART3.o)
                  0x0075ca                  _ConfigIntUART3
 .libperi         0x007612          0x6 c:/program files (x86)/microchip/xc16/v1.31/bin/bin/../../lib/PIC24F\libpPIC24Fxxx-elf.a(DataRdyUART1.o)
                  0x007612                  _DataRdyUART1
 .libperi         0x007618          0x6 c:/program files (x86)/microchip/xc16/v1.31/bin/bin/../../lib/PIC24F\libpPIC24Fxxx-elf.a(DataRdyUART2.o)
                  0x007618                  _DataRdyUART2
 .libperi         0x00761e          0x6 c:/program files (x86)/microchip/xc16/v1.31/bin/bin/../../lib/PIC24F\libpPIC24Fxxx-elf.a(DataRdyUART3.o)
                  0x00761e                  _DataRdyUART3
 .libperi         0x007624         0x12 c:/program files (x86)/microchip/xc16/v1.31/bin/bin/../../lib/PIC24F\libpPIC24Fxxx-elf.a(OpenUART1.o)
                  0x007624                  _OpenUART1
 .libperi         0x007636         0x12 c:/program files (x86)/microchip/xc16/v1.31/bin/bin/../../lib/PIC24F\libpPIC24Fxxx-elf.a(OpenUART2.o)
                  0x007636                  _OpenUART2
 .libperi         0x007648         0x12 c:/program files (x86)/microchip/xc16/v1.31/bin/bin/../../lib/PIC24F\libpPIC24Fxxx-elf.a(OpenUART3.o)
                  0x007648                  _OpenUART3
 .libperi         0x00765a         0x28 c:/program files (x86)/microchip/xc16/v1.31/bin/bin/../../lib/PIC24F\libpPIC24Fxxx-elf.a(putsUART2.o)
                  0x00765a                  _putsUART2
 .libperi         0x007682         0x12 c:/program files (x86)/microchip/xc16/v1.31/bin/bin/../../lib/PIC24F\libpPIC24Fxxx-elf.a(ReadUART1.o)
                  0x007682                  _ReadUART1
 .libperi         0x007694         0x12 c:/program files (x86)/microchip/xc16/v1.31/bin/bin/../../lib/PIC24F\libpPIC24Fxxx-elf.a(ReadUART2.o)
                  0x007694                  _ReadUART2
 .libperi         0x0076a6         0x12 c:/program files (x86)/microchip/xc16/v1.31/bin/bin/../../lib/PIC24F\libpPIC24Fxxx-elf.a(ReadUART3.o)
                  0x0076a6                  _ReadUART3
 .libperi         0x0076b8          0xe c:/program files (x86)/microchip/xc16/v1.31/bin/bin/../../lib/PIC24F\libpPIC24Fxxx-elf.a(WriteUART1.o)
                  0x0076b8                  _WriteUART1
 .libperi         0x0076c6          0xe c:/program files (x86)/microchip/xc16/v1.31/bin/bin/../../lib/PIC24F\libpPIC24Fxxx-elf.a(WriteUART2.o)
                  0x0076c6                  _WriteUART2
 .libperi         0x0076d4          0xe c:/program files (x86)/microchip/xc16/v1.31/bin/bin/../../lib/PIC24F\libpPIC24Fxxx-elf.a(WriteUART3.o)
                  0x0076d4                  _WriteUART3
 .libperi         0x0076e2         0x10 c:/program files (x86)/microchip/xc16/v1.31/bin/bin/../../lib/PIC24F\libpPIC24Fxxx-elf.a(OpenOC1_v2.o)
                  0x0076e2                  _OpenOC1_GB
 .libperi         0x0076f2         0x36 c:/program files (x86)/microchip/xc16/v1.31/bin/bin/../../lib/PIC24F\libpPIC24Fxxx-elf.a(PwrMgnt_ResetSource_v1.o)
                  0x0076f2                  _PwrMgnt_ResetSource_v1
 .libperi         0x007728          0x8 c:/program files (x86)/microchip/xc16/v1.31/bin/bin/../../lib/PIC24F\libpPIC24Fxxx-elf.a(OpenTimer3_v1.o)
                  0x007728                  _OpenTimer3_v1
 .libperi         0x007730          0x6 c:/program files (x86)/microchip/xc16/v1.31/bin/bin/../../lib/PIC24F\libpPIC24Fxxx-elf.a(DataRdyI2C1.o)
                  0x007730                  _DataRdyI2C1
 .libperi         0x007736          0x6 c:/program files (x86)/microchip/xc16/v1.31/bin/bin/../../lib/PIC24F\libpPIC24Fxxx-elf.a(DataRdyI2C2.o)
                  0x007736                  _DataRdyI2C2
 .libpic30_crt_start_mode
                  0x00773c          0x2 c:/program files (x86)/microchip/xc16/v1.31/bin/bin/../../lib\liblega-pic30-elf.a(crt_start_mode_normal.Leo)
                  0x00773c                  __crt_start_mode
                  0x00773c                  __crt_start_mode_normal
 .libm.subsf3     0x00773e         0xbc c:/program files (x86)/microchip/xc16/v1.31/bin/bin/../../lib\libm-elf.a(addsf3.eo)
                  0x00773e                  ___subsf3
                  0x007740                  ___addsf3
 .libm.ceilf      0x0077fa         0x10 c:/program files (x86)/microchip/xc16/v1.31/bin/bin/../../lib\libm-elf.a(ceilf.eo)
                  0x0077fa                  _ceilf
 .libm.divfs3     0x00780a         0x84 c:/program files (x86)/microchip/xc16/v1.31/bin/bin/../../lib\libm-elf.a(divsf3.eo)
                  0x00780a                  ___divsf3
 .libm.fchop      0x00788e         0x4e c:/program files (x86)/microchip/xc16/v1.31/bin/bin/../../lib\libm-elf.a(fchop.eo)
                  0x00788e                  __fchop
 .libm.eqsf2      0x0078dc          0x4 c:/program files (x86)/microchip/xc16/v1.31/bin/bin/../../lib\libm-elf.a(feqltle.eo)
                  0x0078dc                  ___eqsf2
                  0x0078dc                  ___ltsf2
                  0x0078dc                  ___lesf2
 .libm.gtsf2      0x0078e0          0x4 c:/program files (x86)/microchip/xc16/v1.31/bin/bin/../../lib\libm-elf.a(fgtge.eo)
                  0x0078e0                  ___gesf2
                  0x0078e0                  ___gtsf2
 .libm.fixsfsi    0x0078e4         0x42 c:/program files (x86)/microchip/xc16/v1.31/bin/bin/../../lib\libm-elf.a(fixsfsi.eo)
                  0x0078e4                  _(float, int, long long, short, float, short, int)
 .libm.fixunssfsi
                  0x007926         0x36 c:/program files (x86)/microchip/xc16/v1.31/bin/bin/../../lib\libm-elf.a(fixunssfsi.eo)
                  0x007926                  ___fixunssfsi
 .libm.floatsisf
                  0x00795c          0x6 c:/program files (x86)/microchip/xc16/v1.31/bin/bin/../../lib\libm-elf.a(floatsisf.eo)
                  0x00795c                  ___floatsisf
 .libm.floatunsisf
                  0x007962          0x4 c:/program files (x86)/microchip/xc16/v1.31/bin/bin/../../lib\libm-elf.a(floatunsisf.eo)
                  0x007962                  ___floatunsisf
 .libm.nesf2      0x007966          0x4 c:/program files (x86)/microchip/xc16/v1.31/bin/bin/../../lib\libm-elf.a(fne.eo)
                  0x007966                  ___nesf2
 .libm.fpack      0x00796a         0x4c c:/program files (x86)/microchip/xc16/v1.31/bin/bin/../../lib\libm-elf.a(fpack.eo)
                  0x00796a                  __fpack
 .libm.funpack    0x0079b6         0x2a c:/program files (x86)/microchip/xc16/v1.31/bin/bin/../../lib\libm-elf.a(funpack.eo)
                  0x0079b6                  __funpack
 .libm.funpack2
                  0x0079e0         0x10 c:/program files (x86)/microchip/xc16/v1.31/bin/bin/../../lib\libm-elf.a(funpack2.eo)
                  0x0079e0                  __funpack2
 .libm.fPropagateNaN
                  0x0079f0         0x12 c:/program files (x86)/microchip/xc16/v1.31/bin/bin/../../lib\libm-elf.a(futil.eo)
                  0x0079f0                  __fPropagateNaN
 .libm.fbobExit
                  0x007a02          0x8 c:/program files (x86)/microchip/xc16/v1.31/bin/bin/../../lib\libm-elf.a(futil.eo)
                  0x007a02                  __fbopExit
 .libm.fbopReturnNaN
                  0x007a0a          0x6 c:/program files (x86)/microchip/xc16/v1.31/bin/bin/../../lib\libm-elf.a(futil.eo)
                  0x007a0a                  __fbopReturnNaN
 .libm.mulsf3     0x007a10         0x68 c:/program files (x86)/microchip/xc16/v1.31/bin/bin/../../lib\libm-elf.a(mulsf3.eo)
                  0x007a10                  ___mulsf3
 .libm.udivsi3    0x007a78         0x20 c:/program files (x86)/microchip/xc16/v1.31/bin/bin/../../lib\libm-elf.a(udivsi3.eo)
                  0x007a78                  ___udivsi3
 .libm.umodsi3    0x007a98          0x6 c:/program files (x86)/microchip/xc16/v1.31/bin/bin/../../lib\libm-elf.a(umodsi3.eo)
                  0x007a98                  ___umodsi3
 .libm.__PplusBdi
                  0x007a9e         0x26 c:/program files (x86)/microchip/xc16/v1.31/bin/bin/../../lib\libm-elf.a(divmoddi3.eo)
 .libm.__PminusBdi
                  0x007ac4         0x26 c:/program files (x86)/microchip/xc16/v1.31/bin/bin/../../lib\libm-elf.a(divmoddi3.eo)
 .libm.__udivmoddi3
                  0x007aea         0xe6 c:/program files (x86)/microchip/xc16/v1.31/bin/bin/../../lib\libm-elf.a(divmoddi3.eo)
                  0x007aea                  ___udivmoddi3
 .libm.__udivdi3
                  0x007bd0          0xe c:/program files (x86)/microchip/xc16/v1.31/bin/bin/../../lib\libm-elf.a(divmoddi3.eo)
                  0x007bd0                  ___udivdi3
 .libm.__umoddi3
                  0x007bde          0x8 c:/program files (x86)/microchip/xc16/v1.31/bin/bin/../../lib\libm-elf.a(divmoddi3.eo)
                  0x007bde                  ___umoddi3
 .libm.__divdi3
                  0x007be6         0x60 c:/program files (x86)/microchip/xc16/v1.31/bin/bin/../../lib\libm-elf.a(divmoddi3.eo)
                  0x007be6                  ___divdi3
 .libm.__moddi3
                  0x007c46         0x5c c:/program files (x86)/microchip/xc16/v1.31/bin/bin/../../lib\libm-elf.a(divmoddi3.eo)
                  0x007c46                  ___moddi3
 .libm.fcompare
                  0x007ca2         0x36 c:/program files (x86)/microchip/xc16/v1.31/bin/bin/../../lib\libm-elf.a(fcompare.eo)
                  0x007ca2                  __fcompare
 .libm.floatdisf
                  0x007cd8         0x20 c:/program files (x86)/microchip/xc16/v1.31/bin/bin/../../lib\libm-elf.a(floatdisf.eo)
                  0x007cd8                  ___floatdisf
 .libm.floatundisf
                  0x007cf8         0x5e c:/program files (x86)/microchip/xc16/v1.31/bin/bin/../../lib\libm-elf.a(floatundisf.eo)
                  0x007cf8                  ___floatundisf
 .libc.tolower    0x007d56          0xe c:/program files (x86)/microchip/xc16/v1.31/bin/bin/../../lib\liblega-c-elf.a(tolower.XX_eso)
                  0x007d56                  _tolower
 .libc.toupper    0x007d64          0xe c:/program files (x86)/microchip/xc16/v1.31/bin/bin/../../lib\liblega-c-elf.a(toupper.XX_eso)
                  0x007d64                  _toupper
 .libc.abort      0x007d72          0x8 c:/program files (x86)/microchip/xc16/v1.31/bin/bin/../../lib\liblega-c-elf.a(abort.XX_eo)
                  0x007d72                  _abort
 .libc.exit       0x007d7a         0x24 c:/program files (x86)/microchip/xc16/v1.31/bin/bin/../../lib\liblega-c-elf.a(exit.XX_eo)
                  0x007d7a                  _exit
 .libc.memcpy     0x007d9e          0xe c:/program files (x86)/microchip/xc16/v1.31/bin/bin/../../lib\liblega-c-elf.a(memcpy.XX_eo)
                  0x007d9e                  _memcpy
 .libc.memset     0x007dac          0xe c:/program files (x86)/microchip/xc16/v1.31/bin/bin/../../lib\liblega-c-elf.a(memset.XX_eo)
                  0x007dac                  _memset
 .libc.raise      0x007dba         0x88 c:/program files (x86)/microchip/xc16/v1.31/bin/bin/../../lib\liblega-c-elf.a(raise.XX_eo)
                  0x007dba                  _raise
 .libc.rand       0x007e42         0x8e c:/program files (x86)/microchip/xc16/v1.31/bin/bin/../../lib\liblega-c-elf.a(rand.XX_eo)
                  0x007e42                  _rand
 .libc.signal     0x007ed0         0x16 c:/program files (x86)/microchip/xc16/v1.31/bin/bin/../../lib\liblega-c-elf.a(signal.XX_eo)
                  0x007ed0                  _signal
 .libc.strchr     0x007ee6         0x18 c:/program files (x86)/microchip/xc16/v1.31/bin/bin/../../lib\liblega-c-elf.a(strchr.XX_eo)
                  0x007ee6                  _strchr
 .libc.strcmp     0x007efe         0x20 c:/program files (x86)/microchip/xc16/v1.31/bin/bin/../../lib\liblega-c-elf.a(strcmp.XX_eo)
                  0x007efe                  _strcmp
 .libc.strcpy     0x007f1e          0xc c:/program files (x86)/microchip/xc16/v1.31/bin/bin/../../lib\liblega-c-elf.a(strcpy.XX_eo)
                  0x007f1e                  _strcpy
 .libc.strlen     0x007f2a          0xc c:/program files (x86)/microchip/xc16/v1.31/bin/bin/../../lib\liblega-c-elf.a(strlen.XX_eo)
                  0x007f2a                  _strlen
 .libc.strncmp    0x007f36         0x28 c:/program files (x86)/microchip/xc16/v1.31/bin/bin/../../lib\liblega-c-elf.a(strncmp.XX_eo)
                  0x007f36                  _strncmp
 .libc.strncpy    0x007f5e         0x1e c:/program files (x86)/microchip/xc16/v1.31/bin/bin/../../lib\liblega-c-elf.a(strncpy.XX_eo)
                  0x007f5e                  _strncpy
 .libc.strrchr    0x007f7c         0x14 c:/program files (x86)/microchip/xc16/v1.31/bin/bin/../../lib\liblega-c-elf.a(strrchr.XX_eo)
                  0x007f7c                  _strrchr
 .libc.strstr     0x007f90         0x2a c:/program files (x86)/microchip/xc16/v1.31/bin/bin/../../lib\liblega-c-elf.a(strstr.XX_eo)
                  0x007f90                  _strstr
 .libc._Stof      0x007fba         0xaa c:/program files (x86)/microchip/xc16/v1.31/bin/bin/../../lib\liblega-c-elf.a(xstod.XX_eo)
                  0x007fba                  __Stof
 .libc._Stoflt    0x008064        0x1d0 c:/program files (x86)/microchip/xc16/v1.31/bin/bin/../../lib\liblega-c-elf.a(xstoflt.XX_eo)
                  0x008064                  __Stoflt
 .libc._Stopfx    0x008234        0x122 c:/program files (x86)/microchip/xc16/v1.31/bin/bin/../../lib\liblega-c-elf.a(xstopfx.XX_eo)
                  0x008234                  __Stopfx
 .libc._Stoul     0x008356        0x134 c:/program files (x86)/microchip/xc16/v1.31/bin/bin/../../lib\liblega-c-elf.a(xstoul.XX_eo)
                  0x008356                  __Stoul
 .libc._Stoxflt
                  0x00848a        0x1f0 c:/program files (x86)/microchip/xc16/v1.31/bin/bin/../../lib\liblega-c-elf.a(xstoxflt.XX_eo)
                  0x00848a                  __Stoxflt
 .libc.isalnum    0x00867a         0x1c c:/program files (x86)/microchip/xc16/v1.31/bin/bin/../../lib\liblega-c-elf.a(isalnum.XX_elso)
                  0x00867a                  _isalnum
 .libc.isspace    0x008696         0x10 c:/program files (x86)/microchip/xc16/v1.31/bin/bin/../../lib\liblega-c-elf.a(isspace.XX_elso)
                  0x008696                  _isspace
 .libc._Geterrno
                  0x0086a6          0xc c:/program files (x86)/microchip/xc16/v1.31/bin/bin/../../lib\liblega-c-elf.a(errno.XX_elo)
                  0x0086a6                  __Geterrno
 .libc.dmul       0x0086b2         0x28 c:/program files (x86)/microchip/xc16/v1.31/bin/bin/../../lib\liblega-c-elf.a(xdtento.XX_elo)
 .libc._FDtento
                  0x0086da         0xda c:/program files (x86)/microchip/xc16/v1.31/bin/bin/../../lib\liblega-c-elf.a(xdtento.XX_elo)
                  0x0086da                  __FDtento
 .libc._FDscale
                  0x0087b4         0xb6 c:/program files (x86)/microchip/xc16/v1.31/bin/bin/../../lib\liblega-c-elf.a(xfdscale.XX_elo)
                  0x0087b4                  __FDscale
 .libc._FDunscale
                  0x00886a         0x48 c:/program files (x86)/microchip/xc16/v1.31/bin/bin/../../lib\liblega-c-elf.a(xfdunsca.XX_elo)
                  0x00886a                  __FDunscale
 .libc._Feraise
                  0x0088b2         0x14 c:/program files (x86)/microchip/xc16/v1.31/bin/bin/../../lib\liblega-c-elf.a(xferaise.XX_elo)
                  0x0088b2                  __Feraise
 .libc.prout      0x0088c6          0xe c:/program files (x86)/microchip/xc16/v1.31/bin/bin/../../lib\liblega-c-elf.a(sprintf_cdfFnopsuxX.XXeo)
                  0x0088c6                  sprintf_cdfFnopsuxX.XXeo:_prout
 .libc._sprintf_cdfFnopsuxX
                  0x0088d4         0x1e c:/program files (x86)/microchip/xc16/v1.31/bin/bin/../../lib\liblega-c-elf.a(sprintf_cdfFnopsuxX.XXeo)
                  0x0088d4                  __sprintf_fF
                  0x0088d4                  __sprintf_cdfFnopsuxX
                  0x0088d4                  __sprintf_cdnopuxX
                  0x0088d4                  __sprintf_fFs
                  0x0088d4                  __sprintf_cdnopsuxX
 .libc.__Printf_cdfFnopsuxX
                  0x0088f2        0x164 c:/program files (x86)/microchip/xc16/v1.31/bin/bin/../../lib\liblega-c-elf.a(xprintf_cdfFnopsuxX.XXeo)
                  0x0088f2                  ___Printf_fF
                  0x0088f2                  ___Printf_cdfFnopsuxX
                  0x0088f2                  ___Printf_cdnopuxX
                  0x0088f2                  ___Printf_fFs
                  0x0088f2                  ___Printf_cdnopsuxX
 .libc.__Putfld_cdfFnopsuxX
                  0x008a56        0x2ca c:/program files (x86)/microchip/xc16/v1.31/bin/bin/../../lib\liblega-c-elf.a(xputfld_cdfFnopsuxX.XXeo)
                  0x008a56                  ___Putfld_fFs
                  0x008a56                  ___Putfld_cdnopuxX
                  0x008a56                  ___Putfld_cdnopsuxX
                  0x008a56                  ___Putfld_cdfFnopsuxX
                  0x008a56                  ___Putfld_fF
 .libc.__Ldtob_cdfFnopsuxX
                  0x008d20        0x250 c:/program files (x86)/microchip/xc16/v1.31/bin/bin/../../lib\liblega-c-elf.a(xldtob_cdfFnopsuxX.XXeo)
                  0x008d20                  ___Ldtob_cdfFnopsuxX
                  0x008d20                  ___Ldtob_fF
                  0x008d20                  ___Ldtob_fFs
 .libc.__Genld_cdfFnopsuxX
                  0x008f70        0x208 c:/program files (x86)/microchip/xc16/v1.31/bin/bin/../../lib\liblega-c-elf.a(xgenld_cdfFnopsuxX.XXeo)
                  0x008f70                  ___Genld_fFs
                  0x008f70                  ___Genld_cdfFnopsuxX
                  0x008f70                  ___Genld_fF
 .libc.div        0x009178         0x16 c:/program files (x86)/microchip/xc16/v1.31/bin/bin/../../lib\liblega-c-elf.a(div.XX_eo)
                  0x009178                  _div
 .libc.fputs      0x00918e         0x90 c:/program files (x86)/microchip/xc16/v1.31/bin/bin/../../lib\liblega-c-elf.a(fputs.XX_eo)
                  0x00918e                  _fputs
 .libc.ldiv       0x00921e         0x2a c:/program files (x86)/microchip/xc16/v1.31/bin/bin/../../lib\liblega-c-elf.a(ldiv.XX_eo)
                  0x00921e                  _ldiv
 .libc.memchr     0x009248         0x14 c:/program files (x86)/microchip/xc16/v1.31/bin/bin/../../lib\liblega-c-elf.a(memchr.XX_eo)
                  0x009248                  _memchr
 .libc._FDnorm    0x00925c         0x52 c:/program files (x86)/microchip/xc16/v1.31/bin/bin/../../lib\liblega-c-elf.a(xfdnorm.XX_eo)
                  0x00925c                  __FDnorm
 .libc._Fwprep    0x0092ae         0x8e c:/program files (x86)/microchip/xc16/v1.31/bin/bin/../../lib\liblega-c-elf.a(xfwprep.XX_eo)
                  0x0092ae                  __Fwprep
 .libc._LDunscale
                  0x00933c         0x54 c:/program files (x86)/microchip/xc16/v1.31/bin/bin/../../lib\liblega-c-elf.a(xldunsca.XX_eo)
                  0x00933c                  __LDunscale
 .libc._Litob     0x009390        0x25e c:/program files (x86)/microchip/xc16/v1.31/bin/bin/../../lib\liblega-c-elf.a(xlitob.XX_eo)
                  0x009390                  __Litob
 .libc._Puttxt    0x0095ee        0x178 c:/program files (x86)/microchip/xc16/v1.31/bin/bin/../../lib\liblega-c-elf.a(xputtxt.XX_eo)
                  0x0095ee                  __Puttxt
 .libc._Vacopy    0x009766          0x4 c:/program files (x86)/microchip/xc16/v1.31/bin/bin/../../lib\liblega-c-elf.a(xvacopy.XX_eo)
                  0x009766                  __Vacopy
 .libc.closeallreg
                  0x00976a          0x4 c:/program files (x86)/microchip/xc16/v1.31/bin/bin/../../lib\liblega-c-elf.a(fclose.XX_elo)
 .libc._Closreg
                  0x00976e         0x12 c:/program files (x86)/microchip/xc16/v1.31/bin/bin/../../lib\liblega-c-elf.a(fclose.XX_elo)
                  0x00976e                  __Closreg
 .libc.fclose     0x009780         0x90 c:/program files (x86)/microchip/xc16/v1.31/bin/bin/../../lib\liblega-c-elf.a(fclose.XX_elo)
                  0x009780                  _fclose
 .libc.closeall
                  0x009810         0x20 c:/program files (x86)/microchip/xc16/v1.31/bin/bin/../../lib\liblega-c-elf.a(fclose.XX_elo)
                  0x009810                  fclose.XX_elo:_closeall
 .libc._DNKfflush
                  0x009830         0x74 c:/program files (x86)/microchip/xc16/v1.31/bin/bin/../../lib\liblega-c-elf.a(fflush.XX_elo)
                  0x009830                  __DNKfflush
 .libc._Atexit    0x0098a4         0x18 c:/program files (x86)/microchip/xc16/v1.31/bin/bin/../../lib\liblega-c-elf.a(xatexit.XX_elo)
                  0x0098a4                  __Atexit
 .libc._Dnorm     0x0098bc         0x98 c:/program files (x86)/microchip/xc16/v1.31/bin/bin/../../lib\liblega-c-elf.a(xdnorm.XX_elo)
                  0x0098bc                  __Dnorm
 .libc.free       0x009954         0x64 c:/program files (x86)/microchip/xc16/v1.31/bin/bin/../../lib\liblega-c-elf.a(free.XX_eo)
                  0x009954                  _free
 .libc.findmem    0x0099b8         0x66 c:/program files (x86)/microchip/xc16/v1.31/bin/bin/../../lib\liblega-c-elf.a(malloc.XX_eo)
 .libc.malloc     0x009a1e         0x54 c:/program files (x86)/microchip/xc16/v1.31/bin/bin/../../lib\liblega-c-elf.a(malloc.XX_eo)
                  0x009a1e                  _malloc
 .libc._Getmem    0x009a72         0x14 c:/program files (x86)/microchip/xc16/v1.31/bin/bin/../../lib\liblega-c-elf.a(xgetmem.XX_eo)
                  0x009a72                  __Getmem
 .libc.doclose    0x009a86          0x4 c:/program files (x86)/microchip/xc16/v1.31/bin/bin/../../lib\liblega-pic30-elf.a(close.Leo)
 .libc.dowrite    0x009a8a          0x4 c:/program files (x86)/microchip/xc16/v1.31/bin/bin/../../lib\liblega-pic30-elf.a(write.Leo)
 .libc.doremove
                  0x009a8e          0x4 c:/program files (x86)/microchip/xc16/v1.31/bin/bin/../../lib\liblega-pic30-elf.a(remove.Leo)
 .libm.eqdf2      0x009a92          0xa c:/program files (x86)/microchip/xc16/v1.31/bin/bin/../../lib\libm-elf.a(deqltle.eo)
                  0x009a92                  ___eqdf2
                  0x009a92                  ___ltdf2
                  0x009a92                  ___ledf2
 .libm.gtdf2      0x009a9c          0xa c:/program files (x86)/microchip/xc16/v1.31/bin/bin/../../lib\libm-elf.a(dgtge.eo)
                  0x009a9c                  ___gtdf2
                  0x009a9c                  ___gedf2
 .libm.divdf3     0x009aa6         0xb4 c:/program files (x86)/microchip/xc16/v1.31/bin/bin/../../lib\libm-elf.a(divdf3.eo)
                  0x009aa6                  ___divdf3
 .libm.divsi3     0x009b5a         0x1e c:/program files (x86)/microchip/xc16/v1.31/bin/bin/../../lib\libm-elf.a(divsi3.eo)
                  0x009b5a                  ___divsi3
 .libm.dpack      0x009b78         0x58 c:/program files (x86)/microchip/xc16/v1.31/bin/bin/../../lib\libm-elf.a(dpack.eo)
                  0x009b78                  __dpack
 .libm.dunpack2
                  0x009bd0         0x32 c:/program files (x86)/microchip/xc16/v1.31/bin/bin/../../lib\libm-elf.a(dunpack2.eo)
                  0x009bd0                  __dunpack2
                  0x009bf2                  __dreturnNaN
                  0x009bf8                  __dunpack2exit
 .libm.extendsfdf2
                  0x009c02         0x3e c:/program files (x86)/microchip/xc16/v1.31/bin/bin/../../lib\libm-elf.a(extendsfdf.eo)
                  0x009c02                  ___extendsfdf2
 .libm.fixdfsi    0x009c40         0x58 c:/program files (x86)/microchip/xc16/v1.31/bin/bin/../../lib\libm-elf.a(fixdfsi.eo)
                  0x009c40                  _(float, int, long long, double, float, short, int)
 .libm.floatsidf
                  0x009c98          0x6 c:/program files (x86)/microchip/xc16/v1.31/bin/bin/../../lib\libm-elf.a(floatsidf.eo)
                  0x009c98                  ___floatsidf
 .libm.muldf3     0x009c9e         0xea c:/program files (x86)/microchip/xc16/v1.31/bin/bin/../../lib\libm-elf.a(muldf3.eo)
                  0x009c9e                  ___muldf3
 .libm.subdf3     0x009d88          0x4 c:/program files (x86)/microchip/xc16/v1.31/bin/bin/../../lib\libm-elf.a(subdf3.eo)
                  0x009d88                  ___subdf3
 .libm.mulsi3     0x009d8c          0xc c:/program files (x86)/microchip/xc16/v1.31/bin/bin/../../lib\libm-elf.a(mulsi3.eo)
                  0x009d8c                  ___mulp32peds3
                  0x009d8c                  ___mulsi3
                  0x009d8c                  ___mulp32eds3
 .libm.adddf3     0x009d98         0xfa c:/program files (x86)/microchip/xc16/v1.31/bin/bin/../../lib\libm-elf.a(adddf3.eo)
                  0x009d98                  ___adddf3
 .libm.dcompare
                  0x009e92         0x52 c:/program files (x86)/microchip/xc16/v1.31/bin/bin/../../lib\libm-elf.a(dcompare.eo)
                  0x009e92                  __dcompare
 .libm.dPropagateNaN
                  0x009ee4         0x1c c:/program files (x86)/microchip/xc16/v1.31/bin/bin/../../lib\libm-elf.a(dpropagateNaN.eo)
                  0x009ee4                  __dPropagateNaN
 .libm.dtype      0x009f00         0x24 c:/program files (x86)/microchip/xc16/v1.31/bin/bin/../../lib\libm-elf.a(dtype.eo)
                  0x009f00                  __dtype
 .libm.dunpack    0x009f24         0x4e c:/program files (x86)/microchip/xc16/v1.31/bin/bin/../../lib\libm-elf.a(dunpack.eo)
                  0x009f24                  __dunpack
 .libm.floatdidf
                  0x009f72         0x20 c:/program files (x86)/microchip/xc16/v1.31/bin/bin/../../lib\libm-elf.a(floatdidf.eo)
                  0x009f72                  ___floatdidf
 .libm.floatundidf
                  0x009f92         0x56 c:/program files (x86)/microchip/xc16/v1.31/bin/bin/../../lib\libm-elf.a(floatundidf.eo)
                  0x009f92                  ___floatundidf

usercode
 *(usercode)

__CONFIG3         0x02abfa          0x2
 *(__CONFIG3.sec*)
 __CONFIG3.sec    0x02abfa          0x2 build/default/production/main.o

__CONFIG2         0x02abfc          0x2
 *(__CONFIG2.sec*)
 __CONFIG2.sec    0x02abfc          0x2 build/default/production/main.o

__CONFIG1         0x02abfe          0x2
 *(__CONFIG1.sec*)
 __CONFIG1.sec    0x02abfe          0x2 build/default/production/main.o

.comment          0x000000         0x5e
 *(.comment)
 .comment         0x000000         0x5e c:/program files (x86)/microchip/xc16/v1.31/bin/bin/../../lib\liblega-c-elf.a(xfiles.XX_eo)

.debug_info       0x000000      0x20107
 *(.debug_info)
 .debug_info      0x000000       0x19af build/default/production/1wire_temperature.o
 .debug_info      0x0019af        0x859 build/default/production/DS1307.o
 .debug_info      0x002208       0x3d7c build/default/production/FSIO.o
 .debug_info      0x005f84       0x1a68 build/default/production/SD-SPI.o
 .debug_info      0x0079ec        0xd05 build/default/production/YHY502.o
 .debug_info      0x0086f1       0x21e0 build/default/production/communicate.o
 .debug_info      0x00a8d1       0x2150 build/default/production/ext_eeprom.o
 .debug_info      0x00ca21        0x65f build/default/production/ext_lcd.o
 .debug_info      0x00d080       0x6bdb build/default/production/main.o
 .debug_info      0x013c5b        0xa9f build/default/production/mcu_adc.o
 .debug_info      0x0146fa       0x16af build/default/production/mcu_timer.o
 .debug_info      0x015da9       0x2e6b build/default/production/mode.o
 .debug_info      0x018c14       0x2b91 build/default/production/modem.o
 .debug_info      0x01b7a5       0x1212 build/default/production/peripherial.o
 .debug_info      0x01c9b7        0x8a0 build/default/production/serial_uart.o
 .debug_info      0x01d257       0x1383 build/default/production/server.o
 .debug_info      0x01e5da        0x35a build/default/production/traps.o
 .debug_info      0x01e934       0x17d3 build/default/production/coin_uca2.o
 *(.gnu.linkonce.wi.*)

.debug_abbrev     0x000000       0x1cab
 *(.debug_abbrev)
 .debug_abbrev    0x000000        0x180 build/default/production/1wire_temperature.o
 .debug_abbrev    0x000180        0x10e build/default/production/DS1307.o
 .debug_abbrev    0x00028e        0x278 build/default/production/FSIO.o
 .debug_abbrev    0x000506        0x2bc build/default/production/SD-SPI.o
 .debug_abbrev    0x0007c2        0x180 build/default/production/YHY502.o
 .debug_abbrev    0x000942        0x1c3 build/default/production/communicate.o
 .debug_abbrev    0x000b05        0x1d5 build/default/production/ext_eeprom.o
 .debug_abbrev    0x000cda        0x11d build/default/production/ext_lcd.o
 .debug_abbrev    0x000df7        0x241 build/default/production/main.o
 .debug_abbrev    0x001038        0x116 build/default/production/mcu_adc.o
 .debug_abbrev    0x00114e         0xfb build/default/production/mcu_timer.o
 .debug_abbrev    0x001249        0x22a build/default/production/mode.o
 .debug_abbrev    0x001473        0x249 build/default/production/modem.o
 .debug_abbrev    0x0016bc        0x161 build/default/production/peripherial.o
 .debug_abbrev    0x00181d        0x10f build/default/production/serial_uart.o
 .debug_abbrev    0x00192c        0x15a build/default/production/server.o
 .debug_abbrev    0x001a86         0xa0 build/default/production/traps.o
 .debug_abbrev    0x001b26        0x185 build/default/production/coin_uca2.o

.debug_line       0x000000       0x54fb
 *(.debug_line)
 .debug_line      0x000000        0x267 build/default/production/1wire_temperature.o
 .debug_line      0x000267        0x108 build/default/production/DS1307.o
 .debug_line      0x00036f       0x102a build/default/production/FSIO.o
 .debug_line      0x001399        0x2c7 build/default/production/SD-SPI.o
 .debug_line      0x001660        0x1fb build/default/production/YHY502.o
 .debug_line      0x00185b        0x589 build/default/production/communicate.o
 .debug_line      0x001de4        0x6b6 build/default/production/ext_eeprom.o
 .debug_line      0x00249a        0x15e build/default/production/ext_lcd.o
 .debug_line      0x0025f8        0xd06 build/default/production/main.o
 .debug_line      0x0032fe        0x114 build/default/production/mcu_adc.o
 .debug_line      0x003412        0x143 build/default/production/mcu_timer.o
 .debug_line      0x003555        0xdb5 build/default/production/mode.o
 .debug_line      0x00430a        0x91b build/default/production/modem.o
 .debug_line      0x004c25        0x20f build/default/production/peripherial.o
 .debug_line      0x004e34         0xd5 build/default/production/serial_uart.o
 .debug_line      0x004f09        0x276 build/default/production/server.o
 .debug_line      0x00517f         0xcb build/default/production/traps.o
 .debug_line      0x00524a        0x2b1 build/default/production/coin_uca2.o

.debug_frame      0x000000       0x3300
 *(.debug_frame)
 .debug_frame     0x000000        0x1e6 build/default/production/1wire_temperature.o
 .debug_frame     0x0001e6         0xbc build/default/production/DS1307.o
 .debug_frame     0x0002a2        0x75a build/default/production/FSIO.o
 .debug_frame     0x0009fc        0x218 build/default/production/SD-SPI.o
 .debug_frame     0x000c14        0x266 build/default/production/YHY502.o
 .debug_frame     0x000e7a        0x62a build/default/production/communicate.o
 .debug_frame     0x0014a4        0x2b4 build/default/production/ext_eeprom.o
 .debug_frame     0x001758        0x148 build/default/production/ext_lcd.o
 .debug_frame     0x0018a0        0x65e build/default/production/main.o
 .debug_frame     0x001efe         0xb4 build/default/production/mcu_adc.o
 .debug_frame     0x001fb2        0x104 build/default/production/mcu_timer.o
 .debug_frame     0x0020b6        0x8f0 build/default/production/mode.o
 .debug_frame     0x0029a6        0x29e build/default/production/modem.o
 .debug_frame     0x002c44        0x13a build/default/production/peripherial.o
 .debug_frame     0x002d7e         0xd8 build/default/production/serial_uart.o
 .debug_frame     0x002e56         0xfa build/default/production/server.o
 .debug_frame     0x002f50        0x134 build/default/production/traps.o
 .debug_frame     0x003084        0x27c build/default/production/coin_uca2.o

.debug_str        0x000000       0x33f1
 *(.debug_str)
 .debug_str       0x000000        0x1a6 build/default/production/1wire_temperature.o
 .debug_str       0x0001a6         0x42 build/default/production/DS1307.o
 .debug_str       0x0001e8        0x444 build/default/production/FSIO.o
 .debug_str       0x00062c        0x132 build/default/production/SD-SPI.o
 .debug_str       0x00075e         0xbe build/default/production/YHY502.o
 .debug_str       0x00081c        0x697 build/default/production/communicate.o
 .debug_str       0x000eb3        0x401 build/default/production/ext_eeprom.o
 .debug_str       0x0012b4         0x65 build/default/production/ext_lcd.o
 .debug_str       0x001319        0x9d0 build/default/production/main.o
 .debug_str       0x001ce9        0x127 build/default/production/mcu_adc.o
 .debug_str       0x001e10        0x227 build/default/production/mcu_timer.o
 .debug_str       0x002037        0x6e2 build/default/production/mode.o
 .debug_str       0x002719        0x670 build/default/production/modem.o
 .debug_str       0x002d89        0x17d build/default/production/peripherial.o
 .debug_str       0x002f06         0x60 build/default/production/serial_uart.o
 .debug_str       0x002f66        0x24a build/default/production/server.o
 .debug_str       0x0031b0         0x25 build/default/production/traps.o
 .debug_str       0x0031d5        0x21c build/default/production/coin_uca2.o

.debug_loc
 *(.debug_loc)

.debug_macinfo
 *(.debug_macinfo)

.debug_pubnames
                  0x000000       0x2feb
 *(.debug_pubnames)
 .debug_pubnames
                  0x000000        0x12c build/default/production/1wire_temperature.o
 .debug_pubnames
                  0x00012c         0x81 build/default/production/DS1307.o
 .debug_pubnames
                  0x0001ad        0x643 build/default/production/FSIO.o
 .debug_pubnames
                  0x0007f0        0x1fc build/default/production/SD-SPI.o
 .debug_pubnames
                  0x0009ec        0x1de build/default/production/YHY502.o
 .debug_pubnames
                  0x000bca        0x103 build/default/production/communicate.o
 .debug_pubnames
                  0x000ccd        0x115 build/default/production/ext_eeprom.o
 .debug_pubnames
                  0x000de2         0xdd build/default/production/ext_lcd.o
 .debug_pubnames
                  0x000ebf       0x1739 build/default/production/main.o
 .debug_pubnames
                  0x0025f8         0x71 build/default/production/mcu_adc.o
 .debug_pubnames
                  0x002669         0x92 build/default/production/mcu_timer.o
 .debug_pubnames
                  0x0026fb        0x2f0 build/default/production/mode.o
 .debug_pubnames
                  0x0029eb        0x12f build/default/production/modem.o
 .debug_pubnames
                  0x002b1a         0xe3 build/default/production/peripherial.o
 .debug_pubnames
                  0x002bfd         0x9b build/default/production/serial_uart.o
 .debug_pubnames
                  0x002c98         0xd0 build/default/production/server.o
 .debug_pubnames
                  0x002d68         0xa8 build/default/production/traps.o
 .debug_pubnames
                  0x002e10        0x1db build/default/production/coin_uca2.o

.debug_ranges
 *(.debug_ranges)

.debug_aranges    0x000000        0x1b0
 *(.debug_aranges)
 .debug_aranges
                  0x000000         0x18 build/default/production/1wire_temperature.o
 .debug_aranges
                  0x000018         0x18 build/default/production/DS1307.o
 .debug_aranges
                  0x000030         0x18 build/default/production/FSIO.o
 .debug_aranges
                  0x000048         0x18 build/default/production/SD-SPI.o
 .debug_aranges
                  0x000060         0x18 build/default/production/YHY502.o
 .debug_aranges
                  0x000078         0x18 build/default/production/communicate.o
 .debug_aranges
                  0x000090         0x18 build/default/production/ext_eeprom.o
 .debug_aranges
                  0x0000a8         0x18 build/default/production/ext_lcd.o
 .debug_aranges
                  0x0000c0         0x18 build/default/production/main.o
 .debug_aranges
                  0x0000d8         0x18 build/default/production/mcu_adc.o
 .debug_aranges
                  0x0000f0         0x18 build/default/production/mcu_timer.o
 .debug_aranges
                  0x000108         0x18 build/default/production/mode.o
 .debug_aranges
                  0x000120         0x18 build/default/production/modem.o
 .debug_aranges
                  0x000138         0x18 build/default/production/peripherial.o
 .debug_aranges
                  0x000150         0x18 build/default/production/serial_uart.o
 .debug_aranges
                  0x000168         0x18 build/default/production/server.o
 .debug_aranges
                  0x000180         0x18 build/default/production/traps.o
 .debug_aranges
                  0x000198         0x18 build/default/production/coin_uca2.o
                    0x0000                  WREG0 = 0x0
                    0x0000                  _WREG0 = 0x0
                    0x0002                  WREG1 = 0x2
                    0x0002                  _WREG1 = 0x2
                    0x0004                  WREG2 = 0x4
                    0x0004                  _WREG2 = 0x4
                    0x0006                  WREG3 = 0x6
                    0x0006                  _WREG3 = 0x6
                    0x0008                  WREG4 = 0x8
                    0x0008                  _WREG4 = 0x8
                    0x000a                  WREG5 = 0xa
                    0x000a                  _WREG5 = 0xa
                    0x000c                  WREG6 = 0xc
                    0x000c                  _WREG6 = 0xc
                    0x000e                  WREG7 = 0xe
                    0x000e                  _WREG7 = 0xe
                    0x0010                  WREG8 = 0x10
                    0x0010                  _WREG8 = 0x10
                    0x0012                  WREG9 = 0x12
                    0x0012                  _WREG9 = 0x12
                    0x0014                  WREG10 = 0x14
                    0x0014                  _WREG10 = 0x14
                    0x0016                  WREG11 = 0x16
                    0x0016                  _WREG11 = 0x16
                    0x0018                  WREG12 = 0x18
                    0x0018                  _WREG12 = 0x18
                    0x001a                  WREG13 = 0x1a
                    0x001a                  _WREG13 = 0x1a
                    0x001c                  WREG14 = 0x1c
                    0x001c                  _WREG14 = 0x1c
                    0x001e                  WREG15 = 0x1e
                    0x001e                  _WREG15 = 0x1e
                    0x0020                  SPLIM = 0x20
                    0x0020                  _SPLIM = 0x20
                    0x002e                  PCL = 0x2e
                    0x002e                  _PCL = 0x2e
                    0x0030                  PCH = 0x30
                    0x0030                  _PCH = 0x30
                    0x0032                  TBLPAG = 0x32
                    0x0032                  _TBLPAG = 0x32
                    0x0034                  PSVPAG = 0x34
                    0x0034                  _PSVPAG = 0x34
                    0x0036                  RCOUNT = 0x36
                    0x0036                  _RCOUNT = 0x36
                    0x0042                  SR = 0x42
                    0x0042                  _SR = 0x42
                    0x0042                  _SRbits = 0x42
                    0x0044                  CORCON = 0x44
                    0x0044                  _CORCON = 0x44
                    0x0044                  _CORCONbits = 0x44
                    0x0052                  DISICNT = 0x52
                    0x0052                  _DISICNT = 0x52
                    0x0054                  CNPD1 = 0x54
                    0x0054                  _CNPD1 = 0x54
                    0x0054                  _CNPD1bits = 0x54
                    0x0056                  CNPD2 = 0x56
                    0x0056                  _CNPD2 = 0x56
                    0x0056                  _CNPD2bits = 0x56
                    0x0058                  CNPD3 = 0x58
                    0x0058                  _CNPD3 = 0x58
                    0x0058                  _CNPD3bits = 0x58
                    0x005a                  CNPD4 = 0x5a
                    0x005a                  _CNPD4 = 0x5a
                    0x005a                  _CNPD4bits = 0x5a
                    0x005c                  CNPD5 = 0x5c
                    0x005c                  _CNPD5 = 0x5c
                    0x005c                  _CNPD5bits = 0x5c
                    0x005e                  CNPD6 = 0x5e
                    0x005e                  _CNPD6 = 0x5e
                    0x005e                  _CNPD6bits = 0x5e
                    0x0060                  CNEN1 = 0x60
                    0x0060                  _CNEN1 = 0x60
                    0x0060                  _CNEN1bits = 0x60
                    0x0062                  CNEN2 = 0x62
                    0x0062                  _CNEN2 = 0x62
                    0x0062                  _CNEN2bits = 0x62
                    0x0064                  CNEN3 = 0x64
                    0x0064                  _CNEN3 = 0x64
                    0x0064                  _CNEN3bits = 0x64
                    0x0066                  CNEN4 = 0x66
                    0x0066                  _CNEN4 = 0x66
                    0x0066                  _CNEN4bits = 0x66
                    0x0068                  CNEN5 = 0x68
                    0x0068                  _CNEN5 = 0x68
                    0x0068                  _CNEN5bits = 0x68
                    0x006a                  CNEN6 = 0x6a
                    0x006a                  _CNEN6 = 0x6a
                    0x006a                  _CNEN6bits = 0x6a
                    0x006c                  CNPU1 = 0x6c
                    0x006c                  _CNPU1 = 0x6c
                    0x006c                  _CNPU1bits = 0x6c
                    0x006e                  CNPU2 = 0x6e
                    0x006e                  _CNPU2 = 0x6e
                    0x006e                  _CNPU2bits = 0x6e
                    0x0070                  CNPU3 = 0x70
                    0x0070                  _CNPU3 = 0x70
                    0x0070                  _CNPU3bits = 0x70
                    0x0072                  CNPU4 = 0x72
                    0x0072                  _CNPU4 = 0x72
                    0x0072                  _CNPU4bits = 0x72
                    0x0074                  CNPU5 = 0x74
                    0x0074                  _CNPU5 = 0x74
                    0x0074                  _CNPU5bits = 0x74
                    0x0076                  CNPU6 = 0x76
                    0x0076                  _CNPU6 = 0x76
                    0x0076                  _CNPU6bits = 0x76
                    0x0080                  INTCON1 = 0x80
                    0x0080                  _INTCON1 = 0x80
                    0x0080                  _INTCON1bits = 0x80
                    0x0082                  INTCON2 = 0x82
                    0x0082                  _INTCON2 = 0x82
                    0x0082                  _INTCON2bits = 0x82
                    0x0084                  IFS0 = 0x84
                    0x0084                  _IFS0 = 0x84
                    0x0084                  _IFS0bits = 0x84
                    0x0086                  IFS1 = 0x86
                    0x0086                  _IFS1 = 0x86
                    0x0086                  _IFS1bits = 0x86
                    0x0088                  IFS2 = 0x88
                    0x0088                  _IFS2 = 0x88
                    0x0088                  _IFS2bits = 0x88
                    0x008a                  IFS3 = 0x8a
                    0x008a                  _IFS3 = 0x8a
                    0x008a                  _IFS3bits = 0x8a
                    0x008c                  IFS4 = 0x8c
                    0x008c                  _IFS4 = 0x8c
                    0x008c                  _IFS4bits = 0x8c
                    0x008e                  IFS5 = 0x8e
                    0x008e                  _IFS5 = 0x8e
                    0x008e                  _IFS5bits = 0x8e
                    0x0094                  IEC0 = 0x94
                    0x0094                  _IEC0 = 0x94
                    0x0094                  _IEC0bits = 0x94
                    0x0096                  IEC1 = 0x96
                    0x0096                  _IEC1 = 0x96
                    0x0096                  _IEC1bits = 0x96
                    0x0098                  IEC2 = 0x98
                    0x0098                  _IEC2 = 0x98
                    0x0098                  _IEC2bits = 0x98
                    0x009a                  IEC3 = 0x9a
                    0x009a                  _IEC3 = 0x9a
                    0x009a                  _IEC3bits = 0x9a
                    0x009c                  IEC4 = 0x9c
                    0x009c                  _IEC4 = 0x9c
                    0x009c                  _IEC4bits = 0x9c
                    0x009e                  IEC5 = 0x9e
                    0x009e                  _IEC5 = 0x9e
                    0x009e                  _IEC5bits = 0x9e
                    0x00a4                  IPC0 = 0xa4
                    0x00a4                  _IPC0 = 0xa4
                    0x00a4                  _IPC0bits = 0xa4
                    0x00a6                  IPC1 = 0xa6
                    0x00a6                  _IPC1 = 0xa6
                    0x00a6                  _IPC1bits = 0xa6
                    0x00a8                  IPC2 = 0xa8
                    0x00a8                  _IPC2 = 0xa8
                    0x00a8                  _IPC2bits = 0xa8
                    0x00aa                  IPC3 = 0xaa
                    0x00aa                  _IPC3 = 0xaa
                    0x00aa                  _IPC3bits = 0xaa
                    0x00ac                  IPC4 = 0xac
                    0x00ac                  _IPC4 = 0xac
                    0x00ac                  _IPC4bits = 0xac
                    0x00ae                  IPC5 = 0xae
                    0x00ae                  _IPC5 = 0xae
                    0x00ae                  _IPC5bits = 0xae
                    0x00b0                  IPC6 = 0xb0
                    0x00b0                  _IPC6 = 0xb0
                    0x00b0                  _IPC6bits = 0xb0
                    0x00b2                  IPC7 = 0xb2
                    0x00b2                  _IPC7 = 0xb2
                    0x00b2                  _IPC7bits = 0xb2
                    0x00b4                  IPC8 = 0xb4
                    0x00b4                  _IPC8 = 0xb4
                    0x00b4                  _IPC8bits = 0xb4
                    0x00b6                  IPC9 = 0xb6
                    0x00b6                  _IPC9 = 0xb6
                    0x00b6                  _IPC9bits = 0xb6
                    0x00b8                  IPC10 = 0xb8
                    0x00b8                  _IPC10 = 0xb8
                    0x00b8                  _IPC10bits = 0xb8
                    0x00ba                  IPC11 = 0xba
                    0x00ba                  _IPC11 = 0xba
                    0x00ba                  _IPC11bits = 0xba
                    0x00bc                  IPC12 = 0xbc
                    0x00bc                  _IPC12 = 0xbc
                    0x00bc                  _IPC12bits = 0xbc
                    0x00be                  IPC13 = 0xbe
                    0x00be                  _IPC13 = 0xbe
                    0x00be                  _IPC13bits = 0xbe
                    0x00c2                  IPC15 = 0xc2
                    0x00c2                  _IPC15 = 0xc2
                    0x00c2                  _IPC15bits = 0xc2
                    0x00c4                  IPC16 = 0xc4
                    0x00c4                  _IPC16 = 0xc4
                    0x00c4                  _IPC16bits = 0xc4
                    0x00c8                  IPC18 = 0xc8
                    0x00c8                  _IPC18 = 0xc8
                    0x00c8                  _IPC18bits = 0xc8
                    0x00ca                  IPC19 = 0xca
                    0x00ca                  _IPC19 = 0xca
                    0x00ca                  _IPC19bits = 0xca
                    0x00cc                  IPC20 = 0xcc
                    0x00cc                  _IPC20 = 0xcc
                    0x00cc                  _IPC20bits = 0xcc
                    0x00ce                  IPC21 = 0xce
                    0x00ce                  _IPC21 = 0xce
                    0x00ce                  _IPC21bits = 0xce
                    0x00d0                  IPC22 = 0xd0
                    0x00d0                  _IPC22 = 0xd0
                    0x00d0                  _IPC22bits = 0xd0
                    0x00d2                  IPC23 = 0xd2
                    0x00d2                  _IPC23 = 0xd2
                    0x00d2                  _IPC23bits = 0xd2
                    0x00e0                  INTTREG = 0xe0
                    0x00e0                  _INTTREG = 0xe0
                    0x00e0                  _INTTREGbits = 0xe0
                    0x0100                  TMR1 = 0x100
                    0x0100                  _TMR1 = 0x100
                    0x0102                  PR1 = 0x102
                    0x0102                  _PR1 = 0x102
                    0x0104                  T1CON = 0x104
                    0x0104                  _T1CON = 0x104
                    0x0104                  _T1CONbits = 0x104
                    0x0106                  TMR2 = 0x106
                    0x0106                  _TMR2 = 0x106
                    0x0108                  TMR3HLD = 0x108
                    0x0108                  _TMR3HLD = 0x108
                    0x010a                  TMR3 = 0x10a
                    0x010a                  _TMR3 = 0x10a
                    0x010c                  PR2 = 0x10c
                    0x010c                  _PR2 = 0x10c
                    0x010e                  PR3 = 0x10e
                    0x010e                  _PR3 = 0x10e
                    0x0110                  T2CON = 0x110
                    0x0110                  _T2CON = 0x110
                    0x0110                  _T2CONbits = 0x110
                    0x0112                  T3CON = 0x112
                    0x0112                  _T3CON = 0x112
                    0x0112                  _T3CONbits = 0x112
                    0x0114                  TMR4 = 0x114
                    0x0114                  _TMR4 = 0x114
                    0x0116                  TMR5HLD = 0x116
                    0x0116                  _TMR5HLD = 0x116
                    0x0118                  TMR5 = 0x118
                    0x0118                  _TMR5 = 0x118
                    0x011a                  PR4 = 0x11a
                    0x011a                  _PR4 = 0x11a
                    0x011c                  PR5 = 0x11c
                    0x011c                  _PR5 = 0x11c
                    0x011e                  T4CON = 0x11e
                    0x011e                  _T4CON = 0x11e
                    0x011e                  _T4CONbits = 0x11e
                    0x0120                  T5CON = 0x120
                    0x0120                  _T5CON = 0x120
                    0x0120                  _T5CONbits = 0x120
                    0x0140                  IC1CON1 = 0x140
                    0x0140                  _IC1CON1 = 0x140
                    0x0140                  _IC1CON1bits = 0x140
                    0x0142                  IC1CON2 = 0x142
                    0x0142                  _IC1CON2 = 0x142
                    0x0142                  _IC1CON2bits = 0x142
                    0x0144                  IC1BUF = 0x144
                    0x0144                  _IC1BUF = 0x144
                    0x0146                  IC1TMR = 0x146
                    0x0146                  _IC1TMR = 0x146
                    0x0148                  IC2CON1 = 0x148
                    0x0148                  _IC2CON1 = 0x148
                    0x0148                  _IC2CON1bits = 0x148
                    0x014a                  IC2CON2 = 0x14a
                    0x014a                  _IC2CON2 = 0x14a
                    0x014a                  _IC2CON2bits = 0x14a
                    0x014c                  IC2BUF = 0x14c
                    0x014c                  _IC2BUF = 0x14c
                    0x014e                  IC2TMR = 0x14e
                    0x014e                  _IC2TMR = 0x14e
                    0x0150                  IC3CON1 = 0x150
                    0x0150                  _IC3CON1 = 0x150
                    0x0150                  _IC3CON1bits = 0x150
                    0x0152                  IC3CON2 = 0x152
                    0x0152                  _IC3CON2 = 0x152
                    0x0152                  _IC3CON2bits = 0x152
                    0x0154                  IC3BUF = 0x154
                    0x0154                  _IC3BUF = 0x154
                    0x0156                  IC3TMR = 0x156
                    0x0156                  _IC3TMR = 0x156
                    0x0158                  IC4CON1 = 0x158
                    0x0158                  _IC4CON1 = 0x158
                    0x0158                  _IC4CON1bits = 0x158
                    0x015a                  IC4CON2 = 0x15a
                    0x015a                  _IC4CON2 = 0x15a
                    0x015a                  _IC4CON2bits = 0x15a
                    0x015c                  IC4BUF = 0x15c
                    0x015c                  _IC4BUF = 0x15c
                    0x015e                  IC4TMR = 0x15e
                    0x015e                  _IC4TMR = 0x15e
                    0x0160                  IC5CON1 = 0x160
                    0x0160                  _IC5CON1 = 0x160
                    0x0160                  _IC5CON1bits = 0x160
                    0x0162                  IC5CON2 = 0x162
                    0x0162                  _IC5CON2 = 0x162
                    0x0162                  _IC5CON2bits = 0x162
                    0x0164                  IC5BUF = 0x164
                    0x0164                  _IC5BUF = 0x164
                    0x0166                  IC5TMR = 0x166
                    0x0166                  _IC5TMR = 0x166
                    0x0168                  IC6CON1 = 0x168
                    0x0168                  _IC6CON1 = 0x168
                    0x0168                  _IC6CON1bits = 0x168
                    0x016a                  IC6CON2 = 0x16a
                    0x016a                  _IC6CON2 = 0x16a
                    0x016a                  _IC6CON2bits = 0x16a
                    0x016c                  IC6BUF = 0x16c
                    0x016c                  _IC6BUF = 0x16c
                    0x016e                  IC6TMR = 0x16e
                    0x016e                  _IC6TMR = 0x16e
                    0x0170                  IC7CON1 = 0x170
                    0x0170                  _IC7CON1 = 0x170
                    0x0170                  _IC7CON1bits = 0x170
                    0x0172                  IC7CON2 = 0x172
                    0x0172                  _IC7CON2 = 0x172
                    0x0172                  _IC7CON2bits = 0x172
                    0x0174                  IC7BUF = 0x174
                    0x0174                  _IC7BUF = 0x174
                    0x0176                  IC7TMR = 0x176
                    0x0176                  _IC7TMR = 0x176
                    0x0178                  IC8CON1 = 0x178
                    0x0178                  _IC8CON1 = 0x178
                    0x0178                  _IC8CON1bits = 0x178
                    0x017a                  IC8CON2 = 0x17a
                    0x017a                  _IC8CON2 = 0x17a
                    0x017a                  _IC8CON2bits = 0x17a
                    0x017c                  IC8BUF = 0x17c
                    0x017c                  _IC8BUF = 0x17c
                    0x017e                  IC8TMR = 0x17e
                    0x017e                  _IC8TMR = 0x17e
                    0x0180                  IC9CON1 = 0x180
                    0x0180                  _IC9CON1 = 0x180
                    0x0180                  _IC9CON1bits = 0x180
                    0x0182                  IC9CON2 = 0x182
                    0x0182                  _IC9CON2 = 0x182
                    0x0182                  _IC9CON2bits = 0x182
                    0x0184                  IC9BUF = 0x184
                    0x0184                  _IC9BUF = 0x184
                    0x0186                  IC9TMR = 0x186
                    0x0186                  _IC9TMR = 0x186
                    0x0190                  OC1CON1 = 0x190
                    0x0190                  _OC1CON1 = 0x190
                    0x0190                  _OC1CON1bits = 0x190
                    0x0192                  OC1CON2 = 0x192
                    0x0192                  _OC1CON2 = 0x192
                    0x0192                  _OC1CON2bits = 0x192
                    0x0194                  OC1RS = 0x194
                    0x0194                  _OC1RS = 0x194
                    0x0196                  OC1R = 0x196
                    0x0196                  _OC1R = 0x196
                    0x0198                  OC1TMR = 0x198
                    0x0198                  _OC1TMR = 0x198
                    0x019a                  OC2CON1 = 0x19a
                    0x019a                  _OC2CON1 = 0x19a
                    0x019a                  _OC2CON1bits = 0x19a
                    0x019c                  OC2CON2 = 0x19c
                    0x019c                  _OC2CON2 = 0x19c
                    0x019c                  _OC2CON2bits = 0x19c
                    0x019e                  OC2RS = 0x19e
                    0x019e                  _OC2RS = 0x19e
                    0x01a0                  OC2R = 0x1a0
                    0x01a0                  _OC2R = 0x1a0
                    0x01a2                  OC2TMR = 0x1a2
                    0x01a2                  _OC2TMR = 0x1a2
                    0x01a4                  OC3CON1 = 0x1a4
                    0x01a4                  _OC3CON1 = 0x1a4
                    0x01a4                  _OC3CON1bits = 0x1a4
                    0x01a6                  OC3CON2 = 0x1a6
                    0x01a6                  _OC3CON2 = 0x1a6
                    0x01a6                  _OC3CON2bits = 0x1a6
                    0x01a8                  OC3RS = 0x1a8
                    0x01a8                  _OC3RS = 0x1a8
                    0x01aa                  OC3R = 0x1aa
                    0x01aa                  _OC3R = 0x1aa
                    0x01ac                  OC3TMR = 0x1ac
                    0x01ac                  _OC3TMR = 0x1ac
                    0x01ae                  OC4CON1 = 0x1ae
                    0x01ae                  _OC4CON1 = 0x1ae
                    0x01ae                  _OC4CON1bits = 0x1ae
                    0x01b0                  OC4CON2 = 0x1b0
                    0x01b0                  _OC4CON2 = 0x1b0
                    0x01b0                  _OC4CON2bits = 0x1b0
                    0x01b2                  OC4RS = 0x1b2
                    0x01b2                  _OC4RS = 0x1b2
                    0x01b4                  OC4R = 0x1b4
                    0x01b4                  _OC4R = 0x1b4
                    0x01b6                  OC4TMR = 0x1b6
                    0x01b6                  _OC4TMR = 0x1b6
                    0x01b8                  OC5CON1 = 0x1b8
                    0x01b8                  _OC5CON1 = 0x1b8
                    0x01b8                  _OC5CON1bits = 0x1b8
                    0x01ba                  OC5CON2 = 0x1ba
                    0x01ba                  _OC5CON2 = 0x1ba
                    0x01ba                  _OC5CON2bits = 0x1ba
                    0x01bc                  OC5RS = 0x1bc
                    0x01bc                  _OC5RS = 0x1bc
                    0x01be                  OC5R = 0x1be
                    0x01be                  _OC5R = 0x1be
                    0x01c0                  OC5TMR = 0x1c0
                    0x01c0                  _OC5TMR = 0x1c0
                    0x01c2                  OC6CON1 = 0x1c2
                    0x01c2                  _OC6CON1 = 0x1c2
                    0x01c2                  _OC6CON1bits = 0x1c2
                    0x01c4                  OC6CON2 = 0x1c4
                    0x01c4                  _OC6CON2 = 0x1c4
                    0x01c4                  _OC6CON2bits = 0x1c4
                    0x01c6                  OC6RS = 0x1c6
                    0x01c6                  _OC6RS = 0x1c6
                    0x01c8                  OC6R = 0x1c8
                    0x01c8                  _OC6R = 0x1c8
                    0x01ca                  OC6TMR = 0x1ca
                    0x01ca                  _OC6TMR = 0x1ca
                    0x01cc                  OC7CON1 = 0x1cc
                    0x01cc                  _OC7CON1 = 0x1cc
                    0x01cc                  _OC7CON1bits = 0x1cc
                    0x01ce                  OC7CON2 = 0x1ce
                    0x01ce                  _OC7CON2 = 0x1ce
                    0x01ce                  _OC7CON2bits = 0x1ce
                    0x01d0                  OC7RS = 0x1d0
                    0x01d0                  _OC7RS = 0x1d0
                    0x01d2                  OC7R = 0x1d2
                    0x01d2                  _OC7R = 0x1d2
                    0x01d4                  OC7TMR = 0x1d4
                    0x01d4                  _OC7TMR = 0x1d4
                    0x01d6                  OC8CON1 = 0x1d6
                    0x01d6                  _OC8CON1 = 0x1d6
                    0x01d6                  _OC8CON1bits = 0x1d6
                    0x01d8                  OC8CON2 = 0x1d8
                    0x01d8                  _OC8CON2 = 0x1d8
                    0x01d8                  _OC8CON2bits = 0x1d8
                    0x01da                  OC8RS = 0x1da
                    0x01da                  _OC8RS = 0x1da
                    0x01dc                  OC8R = 0x1dc
                    0x01dc                  _OC8R = 0x1dc
                    0x01de                  OC8TMR = 0x1de
                    0x01de                  _OC8TMR = 0x1de
                    0x01e0                  OC9CON1 = 0x1e0
                    0x01e0                  _OC9CON1 = 0x1e0
                    0x01e0                  _OC9CON1bits = 0x1e0
                    0x01e2                  OC9CON2 = 0x1e2
                    0x01e2                  _OC9CON2 = 0x1e2
                    0x01e2                  _OC9CON2bits = 0x1e2
                    0x01e4                  OC9RS = 0x1e4
                    0x01e4                  _OC9RS = 0x1e4
                    0x01e6                  OC9R = 0x1e6
                    0x01e6                  _OC9R = 0x1e6
                    0x01e8                  OC9TMR = 0x1e8
                    0x01e8                  _OC9TMR = 0x1e8
                    0x0200                  I2C1RCV = 0x200
                    0x0200                  _I2C1RCV = 0x200
                    0x0202                  I2C1TRN = 0x202
                    0x0202                  _I2C1TRN = 0x202
                    0x0204                  I2C1BRG = 0x204
                    0x0204                  _I2C1BRG = 0x204
                    0x0206                  I2C1CON = 0x206
                    0x0206                  _I2C1CON = 0x206
                    0x0206                  _I2C1CONbits = 0x206
                    0x0208                  I2C1STAT = 0x208
                    0x0208                  _I2C1STAT = 0x208
                    0x0208                  _I2C1STATbits = 0x208
                    0x020a                  I2C1ADD = 0x20a
                    0x020a                  _I2C1ADD = 0x20a
                    0x020c                  I2C1MSK = 0x20c
                    0x020c                  _I2C1MSK = 0x20c
                    0x0210                  I2C2RCV = 0x210
                    0x0210                  _I2C2RCV = 0x210
                    0x0212                  I2C2TRN = 0x212
                    0x0212                  _I2C2TRN = 0x212
                    0x0214                  I2C2BRG = 0x214
                    0x0214                  _I2C2BRG = 0x214
                    0x0216                  I2C2CON = 0x216
                    0x0216                  _I2C2CON = 0x216
                    0x0216                  _I2C2CONbits = 0x216
                    0x0218                  I2C2STAT = 0x218
                    0x0218                  _I2C2STAT = 0x218
                    0x0218                  _I2C2STATbits = 0x218
                    0x021a                  I2C2ADD = 0x21a
                    0x021a                  _I2C2ADD = 0x21a
                    0x021c                  I2C2MSK = 0x21c
                    0x021c                  _I2C2MSK = 0x21c
                    0x0220                  U1MODE = 0x220
                    0x0220                  _U1MODE = 0x220
                    0x0220                  _U1MODEbits = 0x220
                    0x0222                  U1STA = 0x222
                    0x0222                  _U1STA = 0x222
                    0x0222                  _U1STAbits = 0x222
                    0x0224                  U1TXREG = 0x224
                    0x0224                  _U1TXREG = 0x224
                    0x0226                  U1RXREG = 0x226
                    0x0226                  _U1RXREG = 0x226
                    0x0228                  U1BRG = 0x228
                    0x0228                  _U1BRG = 0x228
                    0x0230                  U2MODE = 0x230
                    0x0230                  _U2MODE = 0x230
                    0x0230                  _U2MODEbits = 0x230
                    0x0232                  U2STA = 0x232
                    0x0232                  _U2STA = 0x232
                    0x0232                  _U2STAbits = 0x232
                    0x0234                  U2TXREG = 0x234
                    0x0234                  _U2TXREG = 0x234
                    0x0236                  U2RXREG = 0x236
                    0x0236                  _U2RXREG = 0x236
                    0x0238                  U2BRG = 0x238
                    0x0238                  _U2BRG = 0x238
                    0x0240                  SPI1STAT = 0x240
                    0x0240                  _SPI1STAT = 0x240
                    0x0240                  _SPI1STATbits = 0x240
                    0x0242                  SPI1CON1 = 0x242
                    0x0242                  _SPI1CON1 = 0x242
                    0x0242                  _SPI1CON1bits = 0x242
                    0x0244                  SPI1CON2 = 0x244
                    0x0244                  _SPI1CON2 = 0x244
                    0x0244                  _SPI1CON2bits = 0x244
                    0x0248                  SPI1BUF = 0x248
                    0x0248                  _SPI1BUF = 0x248
                    0x0250                  U3MODE = 0x250
                    0x0250                  _U3MODE = 0x250
                    0x0250                  _U3MODEbits = 0x250
                    0x0252                  U3STA = 0x252
                    0x0252                  _U3STA = 0x252
                    0x0252                  _U3STAbits = 0x252
                    0x0254                  U3TXREG = 0x254
                    0x0254                  _U3TXREG = 0x254
                    0x0256                  U3RXREG = 0x256
                    0x0256                  _U3RXREG = 0x256
                    0x0258                  U3BRG = 0x258
                    0x0258                  _U3BRG = 0x258
                    0x0260                  SPI2STAT = 0x260
                    0x0260                  _SPI2STAT = 0x260
                    0x0260                  _SPI2STATbits = 0x260
                    0x0262                  SPI2CON1 = 0x262
                    0x0262                  _SPI2CON1 = 0x262
                    0x0262                  _SPI2CON1bits = 0x262
                    0x0264                  SPI2CON2 = 0x264
                    0x0264                  _SPI2CON2 = 0x264
                    0x0264                  _SPI2CON2bits = 0x264
                    0x0268                  SPI2BUF = 0x268
                    0x0268                  _SPI2BUF = 0x268
                    0x0270                  I2C3RCV = 0x270
                    0x0270                  _I2C3RCV = 0x270
                    0x0272                  I2C3TRN = 0x272
                    0x0272                  _I2C3TRN = 0x272
                    0x0274                  I2C3BRG = 0x274
                    0x0274                  _I2C3BRG = 0x274
                    0x0276                  I2C3CON = 0x276
                    0x0276                  _I2C3CON = 0x276
                    0x0276                  _I2C3CONbits = 0x276
                    0x0278                  I2C3STAT = 0x278
                    0x0278                  _I2C3STAT = 0x278
                    0x0278                  _I2C3STATbits = 0x278
                    0x027a                  I2C3ADD = 0x27a
                    0x027a                  _I2C3ADD = 0x27a
                    0x027c                  I2C3MSK = 0x27c
                    0x027c                  _I2C3MSK = 0x27c
                    0x0280                  SPI3STAT = 0x280
                    0x0280                  _SPI3STAT = 0x280
                    0x0280                  _SPI3STATbits = 0x280
                    0x0282                  SPI3CON1 = 0x282
                    0x0282                  _SPI3CON1 = 0x282
                    0x0282                  _SPI3CON1bits = 0x282
                    0x0284                  SPI3CON2 = 0x284
                    0x0284                  _SPI3CON2 = 0x284
                    0x0284                  _SPI3CON2bits = 0x284
                    0x0288                  SPI3BUF = 0x288
                    0x0288                  _SPI3BUF = 0x288
                    0x02b0                  U4MODE = 0x2b0
                    0x02b0                  _U4MODE = 0x2b0
                    0x02b0                  _U4MODEbits = 0x2b0
                    0x02b2                  U4STA = 0x2b2
                    0x02b2                  _U4STA = 0x2b2
                    0x02b2                  _U4STAbits = 0x2b2
                    0x02b4                  U4TXREG = 0x2b4
                    0x02b4                  _U4TXREG = 0x2b4
                    0x02b6                  U4RXREG = 0x2b6
                    0x02b6                  _U4RXREG = 0x2b6
                    0x02b8                  U4BRG = 0x2b8
                    0x02b8                  _U4BRG = 0x2b8
                    0x02c0                  TRISA = 0x2c0
                    0x02c0                  _TRISA = 0x2c0
                    0x02c0                  _TRISAbits = 0x2c0
                    0x02c2                  PORTA = 0x2c2
                    0x02c2                  _PORTA = 0x2c2
                    0x02c2                  _PORTAbits = 0x2c2
                    0x02c4                  LATA = 0x2c4
                    0x02c4                  _LATA = 0x2c4
                    0x02c4                  _LATAbits = 0x2c4
                    0x02c6                  ODCA = 0x2c6
                    0x02c6                  _ODCA = 0x2c6
                    0x02c6                  _ODCAbits = 0x2c6
                    0x02c8                  TRISB = 0x2c8
                    0x02c8                  _TRISB = 0x2c8
                    0x02c8                  _TRISBbits = 0x2c8
                    0x02ca                  PORTB = 0x2ca
                    0x02ca                  _PORTB = 0x2ca
                    0x02ca                  _PORTBbits = 0x2ca
                    0x02cc                  LATB = 0x2cc
                    0x02cc                  _LATB = 0x2cc
                    0x02cc                  _LATBbits = 0x2cc
                    0x02ce                  ODCB = 0x2ce
                    0x02ce                  _ODCB = 0x2ce
                    0x02ce                  _ODCBbits = 0x2ce
                    0x02d0                  TRISC = 0x2d0
                    0x02d0                  _TRISC = 0x2d0
                    0x02d0                  _TRISCbits = 0x2d0
                    0x02d2                  PORTC = 0x2d2
                    0x02d2                  _PORTC = 0x2d2
                    0x02d2                  _PORTCbits = 0x2d2
                    0x02d4                  LATC = 0x2d4
                    0x02d4                  _LATC = 0x2d4
                    0x02d4                  _LATCbits = 0x2d4
                    0x02d6                  ODCC = 0x2d6
                    0x02d6                  _ODCC = 0x2d6
                    0x02d6                  _ODCCbits = 0x2d6
                    0x02d8                  TRISD = 0x2d8
                    0x02d8                  _TRISD = 0x2d8
                    0x02d8                  _TRISDbits = 0x2d8
                    0x02da                  PORTD = 0x2da
                    0x02da                  _PORTD = 0x2da
                    0x02da                  _PORTDbits = 0x2da
                    0x02dc                  LATD = 0x2dc
                    0x02dc                  _LATD = 0x2dc
                    0x02dc                  _LATDbits = 0x2dc
                    0x02de                  ODCD = 0x2de
                    0x02de                  _ODCD = 0x2de
                    0x02de                  _ODCDbits = 0x2de
                    0x02e0                  TRISE = 0x2e0
                    0x02e0                  _TRISE = 0x2e0
                    0x02e0                  _TRISEbits = 0x2e0
                    0x02e2                  PORTE = 0x2e2
                    0x02e2                  _PORTE = 0x2e2
                    0x02e2                  _PORTEbits = 0x2e2
                    0x02e4                  LATE = 0x2e4
                    0x02e4                  _LATE = 0x2e4
                    0x02e4                  _LATEbits = 0x2e4
                    0x02e6                  ODCE = 0x2e6
                    0x02e6                  _ODCE = 0x2e6
                    0x02e6                  _ODCEbits = 0x2e6
                    0x02e8                  TRISF = 0x2e8
                    0x02e8                  _TRISF = 0x2e8
                    0x02e8                  _TRISFbits = 0x2e8
                    0x02ea                  PORTF = 0x2ea
                    0x02ea                  _PORTF = 0x2ea
                    0x02ea                  _PORTFbits = 0x2ea
                    0x02ec                  LATF = 0x2ec
                    0x02ec                  _LATF = 0x2ec
                    0x02ec                  _LATFbits = 0x2ec
                    0x02ee                  ODCF = 0x2ee
                    0x02ee                  _ODCF = 0x2ee
                    0x02ee                  _ODCFbits = 0x2ee
                    0x02f0                  TRISG = 0x2f0
                    0x02f0                  _TRISG = 0x2f0
                    0x02f0                  _TRISGbits = 0x2f0
                    0x02f2                  PORTG = 0x2f2
                    0x02f2                  _PORTG = 0x2f2
                    0x02f2                  _PORTGbits = 0x2f2
                    0x02f4                  LATG = 0x2f4
                    0x02f4                  _LATG = 0x2f4
                    0x02f4                  _LATGbits = 0x2f4
                    0x02f6                  ODCG = 0x2f6
                    0x02f6                  _ODCG = 0x2f6
                    0x02f6                  _ODCGbits = 0x2f6
                    0x02fc                  PADCFG1 = 0x2fc
                    0x02fc                  _PADCFG1 = 0x2fc
                    0x02fc                  _PADCFG1bits = 0x2fc
                    0x0300                  ADC1BUF0 = 0x300
                    0x0300                  _ADC1BUF0 = 0x300
                    0x0302                  ADC1BUF1 = 0x302
                    0x0302                  _ADC1BUF1 = 0x302
                    0x0304                  ADC1BUF2 = 0x304
                    0x0304                  _ADC1BUF2 = 0x304
                    0x0306                  ADC1BUF3 = 0x306
                    0x0306                  _ADC1BUF3 = 0x306
                    0x0308                  ADC1BUF4 = 0x308
                    0x0308                  _ADC1BUF4 = 0x308
                    0x030a                  ADC1BUF5 = 0x30a
                    0x030a                  _ADC1BUF5 = 0x30a
                    0x030c                  ADC1BUF6 = 0x30c
                    0x030c                  _ADC1BUF6 = 0x30c
                    0x030e                  ADC1BUF7 = 0x30e
                    0x030e                  _ADC1BUF7 = 0x30e
                    0x0310                  ADC1BUF8 = 0x310
                    0x0310                  _ADC1BUF8 = 0x310
                    0x0312                  ADC1BUF9 = 0x312
                    0x0312                  _ADC1BUF9 = 0x312
                    0x0314                  ADC1BUFA = 0x314
                    0x0314                  _ADC1BUFA = 0x314
                    0x0316                  ADC1BUFB = 0x316
                    0x0316                  _ADC1BUFB = 0x316
                    0x0318                  ADC1BUFC = 0x318